// Jest Snapshot v1, https://goo.gl/fbAQLP

exports[`#CartIcon renders component 1`] = `
.glamor-2,
[data-glamor-2] {
  color: black;
  font-size: 0.5rem;
  height: 1.5rem;
  position: relative;
  width: 1.5rem;
}

.glamor-0,
[data-glamor-0] {
  width: 100%;
  height: 100%;
}

.glamor-1,
[data-glamor-1] {
  position: absolute;
  top: 0.6rem;
  background: red;
  height: 14px;
  width: 14px;
  line-height: 15px;
  text-align: center;
  right: 0;
}

<CartIcon
  className="custom-class"
  quantity={5}
>
  <Link
    replace={false}
    to="/checkout"
  >
    <a
      href="/checkout"
      onClick={[Function]}
    >
      <glamorous(div)
        className="custom-class"
      >
        <div
          className="glamor-2 custom-class"
        >
          <glamorous(img)
            src="cart.svg"
          >
            <img
              className="glamor-0"
              src="cart.svg"
            />
          </glamorous(img)>
          <glamorous(div)
            className="rounded-circle"
          >
            <div
              className="glamor-1 rounded-circle"
            >
              5
            </div>
          </glamorous(div)>
        </div>
      </glamorous(div)>
    </a>
  </Link>
</CartIcon>
`;
